Paul's great reversing program!
Please enter up to 99 characters: Reversed is: gfedcba
